
> hotel-app@0.0.0 build
> tsc -b && vite build

src/__tests__/detailpage.test.tsx(3,24): error TS2307: Cannot find module '../../pages/DetailPage/DetailPage' or its corresponding type declarations.
src/__tests__/detailpage.test.tsx(131,25): error TS2503: Cannot find namespace 'vi'.
src/__tests__/detailpage.test.tsx(142,38): error TS2339: Property 'toBeInTheDocument' does not exist on type 'Assertion<HTMLElement>'.
src/__tests__/detailpage.test.tsx(145,41): error TS2339: Property 'toBeInTheDocument' does not exist on type 'Assertion<HTMLElement>'.
src/__tests__/detailpage.test.tsx(148,38): error TS2339: Property 'toBeInTheDocument' does not exist on type 'Assertion<HTMLElement>'.
src/__tests__/detailpage.test.tsx(151,41): error TS2339: Property 'toBeInTheDocument' does not exist on type 'Assertion<HTMLElement>'.
src/__tests__/detailpage.test.tsx(159,20): error TS2339: Property 'toBeInTheDocument' does not exist on type 'Assertion<HTMLElement>'.
src/__tests__/detailpage.test.tsx(170,40): error TS2339: Property 'toBeInTheDocument' does not exist on type 'Assertion<HTMLElement>'.
src/__tests__/detailpage.test.tsx(171,37): error TS2339: Property 'toBeInTheDocument' does not exist on type 'Assertion<HTMLElement>'.
src/__tests__/detailpage.test.tsx(172,37): error TS2339: Property 'toBeInTheDocument' does not exist on type 'Assertion<HTMLElement>'.
src/__tests__/detailpage.test.tsx(179,39): error TS2339: Property 'toBeInTheDocument' does not exist on type 'Assertion<HTMLElement>'.
src/__tests__/detailpage.test.tsx(180,37): error TS2339: Property 'toBeInTheDocument' does not exist on type 'Assertion<HTMLElement>'.
src/__tests__/detailpage.test.tsx(183,38): error TS2339: Property 'toBeInTheDocument' does not exist on type 'Assertion<HTMLElement>'.
src/__tests__/detailpage.test.tsx(184,38): error TS2339: Property 'toBeInTheDocument' does not exist on type 'Assertion<HTMLElement>'.
src/__tests__/detailpage.test.tsx(187,39): error TS2339: Property 'toBeInTheDocument' does not exist on type 'Assertion<HTMLElement>'.
src/__tests__/detailpage.test.tsx(188,38): error TS2339: Property 'toBeInTheDocument' does not exist on type 'Assertion<HTMLElement>'.
src/__tests__/detailpage.test.tsx(203,40): error TS2339: Property 'toBeInTheDocument' does not exist on type 'Assertion<HTMLElement>'.
src/__tests__/detailpage.test.tsx(211,50): error TS2339: Property 'toBeInTheDocument' does not exist on type 'Assertion<HTMLElement>'.
src/__tests__/detailpage.test.tsx(219,27): error TS2339: Property 'toBeInTheDocument' does not exist on type 'Assertion<HTMLElement>'.
src/__tests__/detailpage.test.tsx(226,38): error TS2339: Property 'toBeInTheDocument' does not exist on type 'Assertion<HTMLElement>'.
src/__tests__/detailpage.test.tsx(234,36): error TS2339: Property 'toBeInTheDocument' does not exist on type 'Assertion<HTMLElement>'.
src/__tests__/detailpage.test.tsx(235,36): error TS2339: Property 'toBeInTheDocument' does not exist on type 'Assertion<HTMLElement>'.
src/__tests__/detailpage.test.tsx(236,37): error TS2339: Property 'toBeInTheDocument' does not exist on type 'Assertion<HTMLElement>'.
src/__tests__/detailpage.test.tsx(243,38): error TS2339: Property 'toBeInTheDocument' does not exist on type 'Assertion<HTMLElement>'.
src/__tests__/detailpage.test.tsx(244,38): error TS2339: Property 'toBeInTheDocument' does not exist on type 'Assertion<HTMLElement>'.
src/__tests__/detailpage.test.tsx(263,38): error TS2339: Property 'toBeInTheDocument' does not exist on type 'Assertion<HTMLElement>'.
src/__tests__/detailpage.test.tsx(279,38): error TS2339: Property 'toBeInTheDocument' does not exist on type 'Assertion<HTMLElement>'.
src/__tests__/homepage.test.tsx(12,26): error TS6133: 'fireEvent' is declared but its value is never read.
src/__tests__/homepage.test.tsx(12,37): error TS6133: 'waitFor' is declared but its value is never read.
src/__tests__/homepage.test.tsx(13,22): error TS2307: Cannot find module '../../pages/HomePage/HomePage' or its corresponding type declarations.
src/__tests__/homepage.test.tsx(20,38): error TS2339: Property 'toBeInTheDocument' does not exist on type 'Assertion<HTMLElement>'.
src/__tests__/homepage.test.tsx(23,52): error TS2339: Property 'toBeInTheDocument' does not exist on type 'Assertion<HTMLElement>'.
src/__tests__/homepage.test.tsx(26,57): error TS2339: Property 'toBeInTheDocument' does not exist on type 'Assertion<HTMLElement>'.
src/__tests__/homepage.test.tsx(33,50): error TS2339: Property 'toBeInTheDocument' does not exist on type 'Assertion<HTMLElement>'.
src/__tests__/hotellist.test.tsx(3,27): error TS2307: Cannot find module '../../pages/HotelListPage/HotelListPage' or its corresponding type declarations.
src/__tests__/hotellist.test.tsx(75,25): error TS2503: Cannot find namespace 'vi'.
src/__tests__/hotellist.test.tsx(86,39): error TS2339: Property 'toBeInTheDocument' does not exist on type 'Assertion<HTMLElement>'.
src/__tests__/hotellist.test.tsx(89,39): error TS2339: Property 'toBeInTheDocument' does not exist on type 'Assertion<HTMLElement>'.
src/__tests__/hotellist.test.tsx(90,39): error TS2339: Property 'toBeInTheDocument' does not exist on type 'Assertion<HTMLElement>'.
src/__tests__/hotellist.test.tsx(93,38): error TS2339: Property 'toBeInTheDocument' does not exist on type 'Assertion<HTMLElement>'.
src/__tests__/hotellist.test.tsx(103,19): error TS2345: Argument of type 'Element' is not assignable to parameter of type 'HTMLElement'.
  Type 'Element' is missing the following properties from type 'HTMLElement': accessKey, accessKeyLabel, autocapitalize, autocorrect, and 129 more.
src/__tests__/hotellist.test.tsx(103,51): error TS2339: Property 'toBeInTheDocument' does not exist on type 'Assertion<HTMLElement>'.
src/__tests__/hotellist.test.tsx(104,19): error TS2345: Argument of type 'Element' is not assignable to parameter of type 'HTMLElement'.
  Type 'Element' is missing the following properties from type 'HTMLElement': accessKey, accessKeyLabel, autocapitalize, autocorrect, and 129 more.
src/__tests__/hotellist.test.tsx(104,51): error TS2339: Property 'toBeInTheDocument' does not exist on type 'Assertion<HTMLElement>'.
src/__tests__/hotellist.test.tsx(107,39): error TS2339: Property 'toBeInTheDocument' does not exist on type 'Assertion<HTMLElement>'.
src/__tests__/hotellist.test.tsx(108,39): error TS2339: Property 'toBeInTheDocument' does not exist on type 'Assertion<HTMLElement>'.
src/__tests__/hotellist.test.tsx(111,38): error TS2339: Property 'toBeInTheDocument' does not exist on type 'Assertion<HTMLElement>'.
src/__tests__/hotellist.test.tsx(112,38): error TS2339: Property 'toBeInTheDocument' does not exist on type 'Assertion<HTMLElement>'.
src/__tests__/hotellist.test.tsx(119,36): error TS2339: Property 'toBeInTheDocument' does not exist on type 'Assertion<HTMLElement>'.
src/__tests__/hotellist.test.tsx(120,36): error TS2339: Property 'toBeInTheDocument' does not exist on type 'Assertion<HTMLElement>'.
src/__tests__/hotellist.test.tsx(128,41): error TS2339: Property 'toBeInTheDocument' does not exist on type 'Assertion<HTMLElement>'.
src/__tests__/hotellist.test.tsx(136,41): error TS2339: Property 'toBeInTheDocument' does not exist on type 'Assertion<HTMLElement>'.
src/__tests__/hotellist.test.tsx(143,38): error TS2339: Property 'toBeInTheDocument' does not exist on type 'Assertion<HTMLElement>'.
src/__tests__/hotellist.test.tsx(151,42): error TS2339: Property 'toBeInTheDocument' does not exist on type 'Assertion<HTMLElement>'.
src/__tests__/hotellist.test.tsx(159,44): error TS2339: Property 'toBeInTheDocument' does not exist on type 'Assertion<HTMLElement | null>'.
src/__tests__/hotellist.test.tsx(160,40): error TS2339: Property 'toBeInTheDocument' does not exist on type 'Assertion<HTMLElement>'.
src/__tests__/hotellist.test.tsx(167,36): error TS2339: Property 'toBeInTheDocument' does not exist on type 'Assertion<HTMLElement>'.
src/__tests__/hotellist.test.tsx(174,17): error TS2339: Property 'toHaveClass' does not exist on type 'Assertion<HTMLElement>'.
src/__tests__/hotellist.test.tsx(181,15): error TS2304: Cannot find name 'useInfiniteHotelList'.
src/__tests__/hotellist.test.tsx(211,29): error TS2339: Property 'toBeInTheDocument' does not exist on type 'Assertion<HTMLElement>'.
src/__tests__/hotellist.test.tsx(229,25): error TS2503: Cannot find namespace 'vi'.
src/__tests__/hotellist.test.tsx(234,41): error TS2339: Property 'toBeInTheDocument' does not exist on type 'Assertion<HTMLElement>'.
src/__tests__/hotellist.test.tsx(235,36): error TS2339: Property 'toBeInTheDocument' does not exist on type 'Assertion<HTMLElement>'.
src/__tests__/responsive.test.tsx(4,22): error TS2307: Cannot find module '../../pages/HomePage/HomePage' or its corresponding type declarations.
src/__tests__/responsive.test.tsx(5,27): error TS2307: Cannot find module '../../pages/HotelListPage/HotelListPage' or its corresponding type declarations.
src/__tests__/responsive.test.tsx(6,24): error TS2307: Cannot find module '../../pages/DetailPage/DetailPage' or its corresponding type declarations.
src/__tests__/responsive.test.tsx(106,25): error TS2503: Cannot find namespace 'vi'.
src/__tests__/responsive.test.tsx(123,40): error TS2339: Property 'toBeInTheDocument' does not exist on type 'Assertion<HTMLElement>'.
src/__tests__/responsive.test.tsx(126,39): error TS2339: Property 'toBeInTheDocument' does not exist on type 'Assertion<HTMLElement>'.
src/__tests__/responsive.test.tsx(140,40): error TS2339: Property 'toBeInTheDocument' does not exist on type 'Assertion<HTMLElement>'.
src/__tests__/responsive.test.tsx(143,39): error TS2339: Property 'toBeInTheDocument' does not exist on type 'Assertion<HTMLElement>'.
src/__tests__/responsive.test.tsx(153,40): error TS2339: Property 'toBeInTheDocument' does not exist on type 'Assertion<HTMLElement>'.
src/__tests__/responsive.test.tsx(156,39): error TS2339: Property 'toBeInTheDocument' does not exist on type 'Assertion<HTMLElement>'.
src/__tests__/responsive.test.tsx(169,7): error TS2304: Cannot find name 'global'.
src/__tests__/responsive.test.tsx(173,42): error TS2339: Property 'toBeInTheDocument' does not exist on type 'Assertion<HTMLElement>'.
src/__tests__/responsive.test.tsx(186,41): error TS2339: Property 'toBeInTheDocument' does not exist on type 'Assertion<HTMLElement>'.
src/__tests__/responsive.test.tsx(189,40): error TS2339: Property 'toBeInTheDocument' does not exist on type 'Assertion<HTMLElement>'.
src/__tests__/responsive.test.tsx(199,41): error TS2339: Property 'toBeInTheDocument' does not exist on type 'Assertion<HTMLElement>'.
src/__tests__/responsive.test.tsx(200,41): error TS2339: Property 'toBeInTheDocument' does not exist on type 'Assertion<HTMLElement>'.
src/__tests__/responsive.test.tsx(210,41): error TS2339: Property 'toBeInTheDocument' does not exist on type 'Assertion<HTMLElement>'.
src/__tests__/responsive.test.tsx(232,40): error TS2339: Property 'toBeInTheDocument' does not exist on type 'Assertion<HTMLElement>'.
src/__tests__/responsive.test.tsx(235,44): error TS2339: Property 'toBeInTheDocument' does not exist on type 'Assertion<HTMLElement>'.
src/__tests__/responsive.test.tsx(245,40): error TS2339: Property 'toBeInTheDocument' does not exist on type 'Assertion<HTMLElement>'.
src/__tests__/responsive.test.tsx(255,40): error TS2339: Property 'toBeInTheDocument' does not exist on type 'Assertion<HTMLElement>'.
src/__tests__/responsive.test.tsx(282,42): error TS2339: Property 'toBeInTheDocument' does not exist on type 'Assertion<HTMLElement>'.
src/__tests__/responsive.test.tsx(286,43): error TS2339: Property 'toBeInTheDocument' does not exist on type 'Assertion<HTMLElement>'.
src/__tests__/responsive.test.tsx(290,42): error TS2339: Property 'toBeInTheDocument' does not exist on type 'Assertion<HTMLElement>'.
src/__tests__/responsive.test.tsx(298,40): error TS2339: Property 'toBeInTheDocument' does not exist on type 'Assertion<HTMLElement>'.
src/__tests__/responsive.test.tsx(302,7): error TS2304: Cannot find name 'global'.
src/__tests__/responsive.test.tsx(305,42): error TS2339: Property 'toBeInTheDocument' does not exist on type 'Assertion<HTMLElement>'.
src/__tests__/responsive.test.tsx(315,40): error TS2339: Property 'toBeInTheDocument' does not exist on type 'Assertion<HTMLElement>'.
src/__tests__/responsive.test.tsx(320,40): error TS2339: Property 'toBeInTheDocument' does not exist on type 'Assertion<HTMLElement>'.
src/__tests__/responsive.test.tsx(330,20): error TS2339: Property 'toBeInTheDocument' does not exist on type 'Assertion<HTMLElement>'.
src/__tests__/test-utils.tsx(1,18): error TS1484: 'RenderOptions' is a type and must be imported using a type-only import when 'verbatimModuleSyntax' is enabled.
src/__tests__/test-utils.tsx(2,10): error TS1484: 'ReactElement' is a type and must be imported using a type-only import when 'verbatimModuleSyntax' is enabled.
src/__tests__/test-utils.tsx(11,7): error TS2353: Object literal may only specify known properties, and 'cacheTime' does not exist in type 'OmitKeyof<QueryObserverOptions<unknown, Error, unknown, unknown, readonly unknown[], never>, "suspense" | "queryKey", "strictly">'.
src/__tests__/test-utils.tsx(85,27): error TS2708: Cannot use namespace 'jest' as a value.
src/__tests__/test-utils.tsx(85,57): error TS7006: Parameter 'success' implicitly has an 'any' type.
src/__tests__/test-utils.tsx(86,22): error TS2708: Cannot use namespace 'jest' as a value.
src/__tests__/test-utils.tsx(86,52): error TS7006: Parameter 'success' implicitly has an 'any' type.
src/__tests__/test-utils.tsx(87,19): error TS2708: Cannot use namespace 'jest' as a value.
src/api/modules/hotel.ts(3,15): error TS6196: 'Hotel' is declared but never used.
src/api/modules/hotel.ts(3,22): error TS6196: 'SearchParams' is declared but never used.
src/api/modules/hotel.ts(60,11): error TS2322: Type 'Hotel[]' is not assignable to type '{ _id: string; name_cn: string; star_rating: number; score: number; cover_image: string; min_price: number; location: { [key: string]: any; address?: string | undefined; city?: string | undefined; district?: string | undefined; }; }[]'.
  Type 'Hotel' is missing the following properties from type '{ _id: string; name_cn: string; star_rating: number; score: number; cover_image: string; min_price: number; location: { [key: string]: any; address?: string | undefined; city?: string | undefined; district?: string | undefined; }; }': _id, name_cn, star_rating, score, and 2 more.
src/hooks/useHotelQueries.ts(62,27): error TS2769: No overload matches this call.
  Overload 1 of 3, '(options: DefinedInitialDataInfiniteOptions<unknown, Error, InfiniteData<unknown, unknown>, (string | HotelListParams)[], unknown>, queryClient?: QueryClient | undefined): DefinedUseInfiniteQueryResult<...>', gave the following error.
    Argument of type '{ queryKey: (string | HotelListParams)[]; queryFn: ({ pageParam }: { client: QueryClient; queryKey: (string | HotelListParams)[]; signal: AbortSignal; pageParam: unknown; direction: FetchDirection; meta: Record<...> | undefined; }) => Promise<...>; getNextPageParam: (lastPage: unknown, allPages: unknown[]) => number...' is not assignable to parameter of type 'DefinedInitialDataInfiniteOptions<unknown, Error, InfiniteData<unknown, unknown>, (string | HotelListParams)[], unknown>'.
      Property 'initialPageParam' is missing in type '{ queryKey: (string | HotelListParams)[]; queryFn: ({ pageParam }: { client: QueryClient; queryKey: (string | HotelListParams)[]; signal: AbortSignal; pageParam: unknown; direction: FetchDirection; meta: Record<...> | undefined; }) => Promise<...>; getNextPageParam: (lastPage: unknown, allPages: unknown[]) => number...' but required in type 'UseInfiniteQueryOptions<unknown, Error, InfiniteData<unknown, unknown>, (string | HotelListParams)[], unknown>'.
  Overload 2 of 3, '(options: UndefinedInitialDataInfiniteOptions<unknown, Error, InfiniteData<unknown, unknown>, (string | HotelListParams)[], unknown>, queryClient?: QueryClient | undefined): UseInfiniteQueryResult<...>', gave the following error.
    Argument of type '{ queryKey: (string | HotelListParams)[]; queryFn: ({ pageParam }: { client: QueryClient; queryKey: (string | HotelListParams)[]; signal: AbortSignal; pageParam: unknown; direction: FetchDirection; meta: Record<...> | undefined; }) => Promise<...>; getNextPageParam: (lastPage: unknown, allPages: unknown[]) => number...' is not assignable to parameter of type 'UndefinedInitialDataInfiniteOptions<unknown, Error, InfiniteData<unknown, unknown>, (string | HotelListParams)[], unknown>'.
      Property 'initialPageParam' is missing in type '{ queryKey: (string | HotelListParams)[]; queryFn: ({ pageParam }: { client: QueryClient; queryKey: (string | HotelListParams)[]; signal: AbortSignal; pageParam: unknown; direction: FetchDirection; meta: Record<...> | undefined; }) => Promise<...>; getNextPageParam: (lastPage: unknown, allPages: unknown[]) => number...' but required in type 'UseInfiniteQueryOptions<unknown, Error, InfiniteData<unknown, unknown>, (string | HotelListParams)[], unknown>'.
  Overload 3 of 3, '(options: UseInfiniteQueryOptions<unknown, Error, InfiniteData<unknown, unknown>, (string | HotelListParams)[], unknown>, queryClient?: QueryClient | undefined): UseInfiniteQueryResult<...>', gave the following error.
    Argument of type '{ queryKey: (string | HotelListParams)[]; queryFn: ({ pageParam }: { client: QueryClient; queryKey: (string | HotelListParams)[]; signal: AbortSignal; pageParam: unknown; direction: FetchDirection; meta: Record<...> | undefined; }) => Promise<...>; getNextPageParam: (lastPage: unknown, allPages: unknown[]) => number...' is not assignable to parameter of type 'UseInfiniteQueryOptions<unknown, Error, InfiniteData<unknown, unknown>, (string | HotelListParams)[], unknown>'.
      Property 'initialPageParam' is missing in type '{ queryKey: (string | HotelListParams)[]; queryFn: ({ pageParam }: { client: QueryClient; queryKey: (string | HotelListParams)[]; signal: AbortSignal; pageParam: unknown; direction: FetchDirection; meta: Record<...> | undefined; }) => Promise<...>; getNextPageParam: (lastPage: unknown, allPages: unknown[]) => number...' but required in type 'UseInfiniteQueryOptions<unknown, Error, InfiniteData<unknown, unknown>, (string | HotelListParams)[], unknown>'.
src/hooks/useHotelQueries.ts(67,15): error TS18046: 'pageParam' is of type 'unknown'.
src/hooks/useHotelQueries.ts(74,31): error TS2339: Property 'data' does not exist on type '{}'.
src/pages/calendartest/test.tsx(28,9): error TS2322: Type '(dates: { start: Date | null; end: Date | null; }) => void' is not assignable to type '(newDates: { startDate: Date | null; endDate: Date | null; }) => void'.
  Types of parameters 'dates' and 'newDates' are incompatible.
    Type '{ startDate: Date | null; endDate: Date | null; }' is missing the following properties from type '{ start: Date | null; end: Date | null; }': start, end
src/pages/DetailPage/components/DateSelection/DateSelection.tsx(2,1): error TS6133: 'RightOutline' is declared but its value is never read.
src/pages/DetailPage/components/DateSelection/DateSelection.tsx(3,17): error TS6133: 'Button' is declared but its value is never read.
src/pages/DetailPage/components/HotelDetails/HotelDetails.tsx(23,3): error TS6133: 'starRating' is declared but its value is never read.
src/pages/DetailPage/components/HotelDetails/HotelDetails.tsx(31,9): error TS6133: 'hotelTags' is declared but its value is never read.
src/pages/DetailPage/DetailPage.tsx(26,10): error TS6133: 'selectedRoomId' is declared but its value is never read.
src/pages/DetailPage/DetailPage.tsx(37,41): error TS6133: 'detailLoading' is declared but its value is never read.
src/pages/DetailPage/DetailPage.tsx(37,63): error TS6133: 'detailError' is declared but its value is never read.
src/pages/DetailPage/DetailPage.tsx(41,63): error TS2554: Expected 1 arguments, but got 2.
src/pages/DetailPage/DetailPage.tsx(102,9): error TS6133: 'currentHotelReviews' is declared but its value is never read.
src/pages/DetailPage/DetailPage.tsx(104,9): error TS6133: 'currentHotelFacilities' is declared but its value is never read.
src/pages/HomePage/components/Banner/Banner.tsx(51,9): error TS6133: 'handleMouseEnter' is declared but its value is never read.
src/pages/HomePage/components/Banner/Banner.tsx(57,9): error TS6133: 'handleMouseLeave' is declared but its value is never read.
src/pages/HomePage/components/Forms/DomesticSearch/DomesticSearch.tsx(3,27): error TS6133: 'DownOutline' is declared but its value is never read.
src/pages/HomePage/components/Forms/OverseasSearch/OverseasSearch.tsx(3,27): error TS6133: 'DownOutline' is declared but its value is never read.
src/pages/HomePage/components/Forms/OverseasSearch/OverseasSearch.tsx(140,7): error TS2353: Object literal may only specify known properties, and 'country' does not exist in type 'Partial<SearchData>'.
src/pages/HotelListPage/Header/Header.tsx(3,30): error TS6133: 'CalendarOutline' is declared but its value is never read.
src/pages/HotelListPage/Header/Header.tsx(9,1): error TS6133: 'differenceInCalendarDays' is declared but its value is never read.
src/pages/HotelListPage/Header/Header.tsx(19,57): error TS6133: 'onOpenFilter' is declared but its value is never read.
src/pages/HotelListPage/Header/Header.tsx(39,9): error TS6133: 'handleSearchClick' is declared but its value is never read.
src/pages/HotelListPage/Header/Header.tsx(41,19): error TS2339: Property 'closest' does not exist on type 'EventTarget'.
src/pages/HotelListPage/HotelListPage.tsx(1,40): error TS6133: 'useRef' is declared but its value is never read.
src/pages/HotelListPage/HotelListPage.tsx(3,10): error TS6133: 'Button' is declared but its value is never read.
src/pages/HotelListPage/HotelListPage.tsx(12,37): error TS2459: Module '"../../hooks/useHotelQueries"' declares 'HotelListParams' locally, but it is not exported.
src/pages/HotelListPage/HotelListPage.tsx(163,9): error TS6133: 'filterParams' is declared but its value is never read.
src/pages/HotelListPage/SortBar/SortBar.tsx(2,23): error TS6133: 'FilterOutline' is declared but its value is never read.
src/pages/HotelListPage/SortBar/SortBar.tsx(2,38): error TS6133: 'UnorderedListOutline' is declared but its value is never read.
src/pages/HotelListPage/SortBar/SortBar.tsx(35,3): error TS6133: 'onFilterClick' is declared but its value is never read.
src/pages/HotelListPage/SortBar/SortBar.tsx(48,10): error TS6133: 'showCustomPriceInput' is declared but its value is never read.
src/pages/HotelListPage/SortBar/SortBar.tsx(48,32): error TS6133: 'setShowCustomPriceInput' is declared but its value is never read.
vite.config.ts(1,1): error TS6133: 'defineConfig' is declared but its value is never read.
